---
source: codex-rs/ios-runtime/src/runtime_tests.rs
expression: visible
---
{
  "change": {
    "after": "Hello iOS\n",
    "before": "Hello\n",
    "diff": "--- before\n+++ after\n@@ -1 +1 @@\n-Hello\n+Hello iOS\n",
    "existed": true,
    "path": "hello.txt"
  },
  "id": "REVIEW_ID",
  "type": "review"
}
